// Vitest Snapshot v1, https://vitest.dev/guide/snapshot.html

exports[`Loading component > matches snapshot 1`] = `
<DocumentFragment>
  <div
    class="sc-beqWaB kucQMd"
  >
    <h1>
      Carregando
    </h1>
    <img
      alt="Carregando"
      src="/src/assets/gifs/hero-loading.gif"
    />
  </div>
</DocumentFragment>
`;
